// Jest Snapshot v1, https://goo.gl/fbAQLP

exports[`check propbs 1`] = `
<Component
  style={
    Object {
      "borderColor": "#d6d7da",
      "borderRadius": 4,
      "borderWidth": 0.5,
      "width": "20%",
    }
  }
>
  <Text
    accessible={true}
    allowFontScaling={true}
    ellipsizeMode="tail"
    style={
      Object {
        "textAlign": "center",
      }
    }
  >
    ugur
  </Text>
  <Component
    style={
      Object {
        "borderStyle": "solid",
        "flexDirection": "row",
        "justifyContent": "center",
      }
    }
  >
    <Icon
      height="15"
      name="TriangleEmpty"
      style={
        Object {
          "margin": 3,
        }
      }
      width="15"
    />
    <Icon
      height="15"
      name="TriangleEmpty"
      style={
        Object {
          "margin": 3,
        }
      }
      width="15"
    />
  </Component>
  <Component
    style={
      Object {
        "borderStyle": "solid",
        "flexDirection": "row",
        "justifyContent": "center",
      }
    }
  >
    <Icon
      height="15"
      name="CircleEmpty"
      style={
        Object {
          "margin": 3,
        }
      }
      width="15"
    />
    <Icon
      height="15"
      name="CircleEmpty"
      style={
        Object {
          "margin": 3,
        }
      }
      width="15"
    />
    <Icon
      height="15"
      name="CircleEmpty"
      style={
        Object {
          "margin": 3,
        }
      }
      width="15"
    />
  </Component>
</Component>
`;

exports[`renders correctly 1`] = `
<View
  style={
    Object {
      "borderColor": "#d6d7da",
      "borderRadius": 4,
      "borderWidth": 0.5,
      "width": "20%",
    }
  }
>
  <Text
    accessible={true}
    allowFontScaling={true}
    ellipsizeMode="tail"
    style={
      Object {
        "textAlign": "center",
      }
    }
  >
    ugur
  </Text>
  <View
    style={
      Object {
        "borderStyle": "solid",
        "flexDirection": "row",
        "justifyContent": "center",
      }
    }
  >
    <RNSVGSvgView
      align="xMidYMid"
      meetOrSlice={0}
      minX={0}
      minY={0}
      style={
        Array [
          Object {
            "backgroundColor": "transparent",
          },
          Object {
            "margin": 3,
          },
          false,
          Object {
            "flex": 0,
            "height": 15,
            "width": 15,
          },
        ]
      }
      vbHeight={60.001}
      vbWidth={60.001}
    >
      <RNSVGPath
        d="M59.895,58.531l-29-58c-0.34-0.678-1.449-0.678-1.789,0l-29,58c-0.155,0.31-0.139,0.678,0.044,0.973 C0.332,59.798,0.654,59.978,1,59.978h58c0.347,0,0.668-0.18,0.851-0.474C60.033,59.209,60.05,58.841,59.895,58.531z M2.618,57.978 L30,3.214l27.382,54.764H2.618z"
        fill={
          Array [
            0,
            0,
            0,
            0,
            1,
          ]
        }
        fillOpacity={1}
        fillRule={0}
        matrix={
          Array [
            1,
            0,
            0,
            1,
            0,
            0,
          ]
        }
        opacity={1}
        originX={0}
        originY={0}
        propList={
          Array [
            "stroke",
            "strokeWidth",
            "fill",
            "fillRule",
          ]
        }
        rotation={0}
        scaleX={1}
        scaleY={1}
        skewX={0}
        skewY={0}
        stroke={null}
        strokeDasharray={null}
        strokeDashoffset={null}
        strokeLinecap={0}
        strokeLinejoin={0}
        strokeMiterlimit={4}
        strokeOpacity={1}
        strokeWidth="1"
        x={0}
        y={0}
      />
    </RNSVGSvgView>
    <RNSVGSvgView
      align="xMidYMid"
      meetOrSlice={0}
      minX={0}
      minY={0}
      style={
        Array [
          Object {
            "backgroundColor": "transparent",
          },
          Object {
            "margin": 3,
          },
          false,
          Object {
            "flex": 0,
            "height": 15,
            "width": 15,
          },
        ]
      }
      vbHeight={60.001}
      vbWidth={60.001}
    >
      <RNSVGPath
        d="M59.895,58.531l-29-58c-0.34-0.678-1.449-0.678-1.789,0l-29,58c-0.155,0.31-0.139,0.678,0.044,0.973 C0.332,59.798,0.654,59.978,1,59.978h58c0.347,0,0.668-0.18,0.851-0.474C60.033,59.209,60.05,58.841,59.895,58.531z M2.618,57.978 L30,3.214l27.382,54.764H2.618z"
        fill={
          Array [
            0,
            0,
            0,
            0,
            1,
          ]
        }
        fillOpacity={1}
        fillRule={0}
        matrix={
          Array [
            1,
            0,
            0,
            1,
            0,
            0,
          ]
        }
        opacity={1}
        originX={0}
        originY={0}
        propList={
          Array [
            "stroke",
            "strokeWidth",
            "fill",
            "fillRule",
          ]
        }
        rotation={0}
        scaleX={1}
        scaleY={1}
        skewX={0}
        skewY={0}
        stroke={null}
        strokeDasharray={null}
        strokeDashoffset={null}
        strokeLinecap={0}
        strokeLinejoin={0}
        strokeMiterlimit={4}
        strokeOpacity={1}
        strokeWidth="1"
        x={0}
        y={0}
      />
    </RNSVGSvgView>
  </View>
  <View
    style={
      Object {
        "borderStyle": "solid",
        "flexDirection": "row",
        "justifyContent": "center",
      }
    }
  >
    <RNSVGSvgView
      align="xMidYMid"
      meetOrSlice={0}
      minX={0}
      minY={0}
      style={
        Array [
          Object {
            "backgroundColor": "transparent",
          },
          Object {
            "margin": 3,
          },
          false,
          Object {
            "flex": 0,
            "height": 15,
            "width": 15,
          },
        ]
      }
      vbHeight={60}
      vbWidth={60}
    >
      <RNSVGPath
        d="M30,0C13.458,0,0,13.458,0,30s13.458,30,30,30s30-13.458,30-30S46.542,0,30,0z M30,58C14.561,58,2,45.439,2,30 S14.561,2,30,2s28,12.561,28,28S45.439,58,30,58z"
        fill={
          Array [
            0,
            0,
            0,
            0,
            1,
          ]
        }
        fillOpacity={1}
        fillRule={0}
        matrix={
          Array [
            1,
            0,
            0,
            1,
            0,
            0,
          ]
        }
        opacity={1}
        originX={0}
        originY={0}
        propList={
          Array [
            "stroke",
            "strokeWidth",
            "fill",
            "fillRule",
          ]
        }
        rotation={0}
        scaleX={1}
        scaleY={1}
        skewX={0}
        skewY={0}
        stroke={null}
        strokeDasharray={null}
        strokeDashoffset={null}
        strokeLinecap={0}
        strokeLinejoin={0}
        strokeMiterlimit={4}
        strokeOpacity={1}
        strokeWidth="1"
        x={0}
        y={0}
      />
    </RNSVGSvgView>
    <RNSVGSvgView
      align="xMidYMid"
      meetOrSlice={0}
      minX={0}
      minY={0}
      style={
        Array [
          Object {
            "backgroundColor": "transparent",
          },
          Object {
            "margin": 3,
          },
          false,
          Object {
            "flex": 0,
            "height": 15,
            "width": 15,
          },
        ]
      }
      vbHeight={60}
      vbWidth={60}
    >
      <RNSVGPath
        d="M30,0C13.458,0,0,13.458,0,30s13.458,30,30,30s30-13.458,30-30S46.542,0,30,0z M30,58C14.561,58,2,45.439,2,30 S14.561,2,30,2s28,12.561,28,28S45.439,58,30,58z"
        fill={
          Array [
            0,
            0,
            0,
            0,
            1,
          ]
        }
        fillOpacity={1}
        fillRule={0}
        matrix={
          Array [
            1,
            0,
            0,
            1,
            0,
            0,
          ]
        }
        opacity={1}
        originX={0}
        originY={0}
        propList={
          Array [
            "stroke",
            "strokeWidth",
            "fill",
            "fillRule",
          ]
        }
        rotation={0}
        scaleX={1}
        scaleY={1}
        skewX={0}
        skewY={0}
        stroke={null}
        strokeDasharray={null}
        strokeDashoffset={null}
        strokeLinecap={0}
        strokeLinejoin={0}
        strokeMiterlimit={4}
        strokeOpacity={1}
        strokeWidth="1"
        x={0}
        y={0}
      />
    </RNSVGSvgView>
    <RNSVGSvgView
      align="xMidYMid"
      meetOrSlice={0}
      minX={0}
      minY={0}
      style={
        Array [
          Object {
            "backgroundColor": "transparent",
          },
          Object {
            "margin": 3,
          },
          false,
          Object {
            "flex": 0,
            "height": 15,
            "width": 15,
          },
        ]
      }
      vbHeight={60}
      vbWidth={60}
    >
      <RNSVGPath
        d="M30,0C13.458,0,0,13.458,0,30s13.458,30,30,30s30-13.458,30-30S46.542,0,30,0z M30,58C14.561,58,2,45.439,2,30 S14.561,2,30,2s28,12.561,28,28S45.439,58,30,58z"
        fill={
          Array [
            0,
            0,
            0,
            0,
            1,
          ]
        }
        fillOpacity={1}
        fillRule={0}
        matrix={
          Array [
            1,
            0,
            0,
            1,
            0,
            0,
          ]
        }
        opacity={1}
        originX={0}
        originY={0}
        propList={
          Array [
            "stroke",
            "strokeWidth",
            "fill",
            "fillRule",
          ]
        }
        rotation={0}
        scaleX={1}
        scaleY={1}
        skewX={0}
        skewY={0}
        stroke={null}
        strokeDasharray={null}
        strokeDashoffset={null}
        strokeLinecap={0}
        strokeLinejoin={0}
        strokeMiterlimit={4}
        strokeOpacity={1}
        strokeWidth="1"
        x={0}
        y={0}
      />
    </RNSVGSvgView>
  </View>
</View>
`;
