// Jest Snapshot v1, https://goo.gl/fbAQLP

exports[`<Name /> tests snapshot test 1`] = `
<Component
  style={
    Object {
      "borderColor": "#d6d7da",
      "borderRadius": 4,
      "borderWidth": 0.5,
      "width": "20%",
    }
  }
>
  <Text
    accessible={true}
    allowFontScaling={true}
    ellipsizeMode="tail"
    style={
      Object {
        "textAlign": "center",
      }
    }
  >
    test
  </Text>
  <Component
    style={
      Object {
        "borderStyle": "solid",
        "flexDirection": "row",
        "justifyContent": "center",
      }
    }
  >
    <Icon
      height="15"
      key="0"
      name="Triangle"
      style={
        Object {
          "margin": 3,
        }
      }
      width="15"
    />
    <Icon
      height="15"
      key="1"
      name="TriangleEmpty"
      style={
        Object {
          "margin": 3,
        }
      }
      width="15"
    />
  </Component>
  <Component
    style={
      Object {
        "borderStyle": "solid",
        "flexDirection": "row",
        "justifyContent": "center",
      }
    }
  >
    <Icon
      height="15"
      key="0"
      name="Circle"
      style={
        Object {
          "margin": 3,
        }
      }
      width="15"
    />
    <Icon
      height="15"
      key="1"
      name="CircleEmpty"
      style={
        Object {
          "margin": 3,
        }
      }
      width="15"
    />
    <Icon
      height="15"
      key="2"
      name="CircleEmpty"
      style={
        Object {
          "margin": 3,
        }
      }
      width="15"
    />
  </Component>
</Component>
`;
